src/pages/TeacherCopilotPage.tsx(811,17): error TS1005: ')' expected.
