src/demo/demoTeacherScenarioA.ts(14,43): error TS2353: Object literal may only specify known properties, and 'trend' does not exist in type 'TeacherStat'.
src/demo/demoTeacherScenarioA.ts(15,46): error TS2353: Object literal may only specify known properties, and 'trend' does not exist in type 'TeacherStat'.
src/demo/demoTeacherScenarioA.ts(16,45): error TS2353: Object literal may only specify known properties, and 'trend' does not exist in type 'TeacherStat'.
src/demo/demoTeacherScenarioA.ts(17,45): error TS2353: Object literal may only specify known properties, and 'trend' does not exist in type 'TeacherStat'.
src/pages/TeacherDashboardPage.tsx(673,7): error TS2741: Property 'needs_attention' is missing in type '{ overdue_assignment: { icon: any; label: string; rowBg: string; iconBg: string; iconColor: string; }; low_scores: { icon: any; label: string; rowBg: string; iconBg: string; iconColor: string; }; weak_topic: { ...; }; }' but required in type 'Record<InsightType, { icon: React.ReactNode; label: string; rowBg: string; iconBg: string; iconColor: string; }>'.
